TITLE: Bill of Materials
DATE: 07/03/2003
DESIGN: qpll
TEMPLATE: E:\uob-hep-pc006a\bom-template-partnos.bom
CALLOUT: 

Part Name,Ref Des,Qty,Unit Price,Cost,PART_NUMBER,PART_DESCRIPTION,OL_COMMENTS
100324-DIP_DIP-FAIRCHILD,U9,1,?,?,Fairchild 100324,Hex TTL-->ECL converter,Unsocketed Device
100E111_PLCC-SYNERGY,U4,1,?,?,Synergy SY100E111AJC,1:9 Differential Clock Driver W/O Enable,Unsocketed Device
100EL16_SOIC-SYNERGY,U1,1,?,?,sy100el16v,differential receiver,-
100ELT23_SOIC-SYNERGY,"U6,U7,U8",3,?,?,Synergy SY100ELT23ZC,PECL to TTL Translator,-
8WAY-SPST_SMD-HP-DIPTRONICS,SW1,1,?,?,RS 377-8728,"8way SMD Half Pitch, Low Profile Switch",Available from Diptronics NHDS-08
"CAPACITOR_0603-100N,+/-10%,AVX-KYOCERA","C2,C3,C6,C8,C10,C13,C16,C18,C20,C21,C24,C25,C26,C27,C28,C29,C30,C32,C33,C34",20,?,?,AVX-KYOCERA CM105X7R104K16VAT,"100nF SMD Capacitor, 0603",Available from FARNELL 499-675
"CAPACITOR_0603-10N,+/-10%,AVX-KYOCERA","C4,C14,C15,C17,C19",5,?,?,AVX-KYOCERA 06033C103KAT00J,"10nF SMD Capacitor, 0603",Available from FARNELL 499-146
"CAPACITOR_0603-1U0,+/-10%,MURATA","C5,C9",2,?,?,RS367-3522,"1.0uF X5R Capacitor, GRM39 Series, 0603",-
"CAPACITOR_0603-47N,+/-10%,AVX-KYOCERA","C11,C12",2,?,?,Farnell 578-186,"47nF SMD Capacitor, 0603",-
"CAPACITOR_CASE-C-22U,+/-10%,AVX-KYOCERA","C1,C7",2,?,?,AVX-KYOCERA TPSC226K016R0375,"22uF SMD 16V Capacitor, Case Size C",Available from FARNELL 570-394
"CAPACITOR_CASE-C-47U/10V,+/-10%,AVX-KYO","C22,C23,C31",3,?,?,AVX TAJC476K010R,"47uF SMD 10V Capacitor, Case Size C",Available from FARNELL 197-166
"CC1F-T1A_SMD-40.08MHZ,MICRO CRYSTAL SWITZERLAND",U3,1,?,?,MCS CC1F-T1A 40.08MHz,40.08MHz Inverted Mesa AT Crystal,Supplied by CERN
"DIODE_SMD-SOT-ZHCS750,ZETEX","D1,D2",2,?,?,Zetex ZHCS750,"SOT23, SuperBAT Schottky Diode, Vf=425mV If=1A Max","MOQ=5, Available from Farnell 743-781"
"FUSE-SMD_SMF-250MA,LITTELFUSE","FS1,FS2",2,?,?,Littelfuse 154.250,"250mA Surface Mount Fuse, 154 Series",-
HEADER2X1_STR-HARWIN,PL1,1,?,?,Harwin M20-999 02 05,Harwin Straight 2 pin Header,Can be cut from M20-999 36 05
"INDUCTOR_SMD-1.0U,MEGGIT",L2,1,?,?,Farnell 106-845,3613A Series 1uH Ferrite Inductor,-
"INDUCTOR_SMD-4.7U,MEC",L1,1,?,?,Farnell 106-848,3613 Series 4.7uH Inductor,-
"LD1086_DDPAK-D2T25,STM",VR1,1,?,?,STM LD1086D2T25,Fixed 2.5V 1A +ve Voltage Regulator,-
"LED-SMD_0805-RED,ROHM","DS1,DS2,DS3",3,?,?,Rohm SML-210VTT86,"Surface Mount Red LED, 0805",Available from RS 429-546
PL-AMP-050-68_RT-ANG-AMP,SK7,1,?,?,Amp 174341-5,68way Right Angle Plug,Available from Nat. Instruments 777600-01
QPLL28-CERN_LPCC-CERN,U2,1,?,?,CERN QPLL28,Quartz Crystal Phase-Locked Loop (QPLL) Chip CERN Design,-
"RESISTOR-NET-7C_SIL-1K,2%,BOURNS",RN1,1,?,?,Farnell 148-970,"1K, 7-commoned Resistors, 200mW",-
"RESISTOR_0603-100R,1%,ROHM","R13,R14,R15,R16",4,?,?,Rohm MCR03EZPF101,"100R SMD Resistor, 0.063W, 0603",-
"RESISTOR_0603-100R,5%,ROHM",R2,1,?,?,Rohm MCR03EZHJ101,"100R SMD Resistor, 0.1W, 0603",-
"RESISTOR_0603-120R,1%,MULTICOMP","R64,R65,R66,R67,R68,R69",6,?,?,Farnell 911-124,"120R SMD Resistor, 0.063W, 0603",-
"RESISTOR_0603-1K0,1%,MULTICOMP","R4,R5,R17,R18",4,?,?,Farnell 911-239,"1K0 SMD Resistor, 0.063W, 0603",-
"RESISTOR_0603-220R,1%,MULTICOMP","R8,R11",2,?,?,Farnell 911-150,"220R SMD Resistor, 0.063W, 0603",-
"RESISTOR_0603-270R,1%,MULTICOMP","R6,R7,R19,R20,R21,R22,R36,R37,R38,R39,R40,R41,R42,R43,R44,R45,R46,R47,R48,R49,R50,R51,R52,R53,R54,R55,R56,R57,R58,R59,R60,R61,R62,R63",34,?,?,Farnell 911-161,"270R SMD Resistor, 0.063W, 0603",-
"RESISTOR_0603-430R,1%,MULTICOMP",R3,1,?,?,Farnell 357-1350,"430R SMD Resistor, 0.063W, 0603",-
"RESISTOR_0603-68R,1%,MULTICOMP","R9,R12",2,?,?,Farnell 911-064,"68R SMD Resistor, 0.063W, 0603",-
"RESISTOR_0805-10R,1%,MULTICOMP","R1,R30,R31",3,?,?,Farnell 911-616,"10R SMD Resistor, 0.1W, 0805",-
"RESISTOR_0805-1K0,1%,CAT","R23,R24,R25,R32,R33,R34,R35",7,?,?,Farnell 911-859,"1K0 SMD Resistor, 0.1W, 0805",-
"RESISTOR_0805-20R,1%,MULTICOMP",R29,1,?,?,Farnell 321-7851,"20R SMD Resistor, 0.1W, 0805",-
"RESISTOR_0805-2R2,1%,MULTICOMP",R10,1,?,?,Farnell 321-7784,"2R2 SMD Resistor, 0.1W, 0805",-
"RESISTOR_0805-33R,1%,MULTICOMP",R28,1,?,?,Farnell 911-677,"33R SMD Resistor, 0.1W, 0805",-
"RESISTOR_0805-56R,1%,MULTICOMP","R26,R27",2,?,?,Farnell 911-707,"56R SMD Resistor, 0.1W, 0805",-
"SK-AMP-050-68_RT-ANG-787190-7,AMPLIMITE","SK9,SK10,SK21",3,?,?,Amplimite 787190-7,68way Double-D Right Angle Socket,-
"SK-LEMO-00_RT-ANG-EPL,LEMO",SK6,1,?,?,Lemo EPL.00.250.DTN,"Lemo Rt-Angle Socket Size 00, PCB Mount",-
SK-LEMO0B-2F-PCB_RT-ANG-LEMO,"SK2,SK3,SK4,SK5",4,?,?,Lemo EPG.302.HLN,"Lemo Socket, 2 Female PCB Mount",-
SK-SMA-PCB_STR-RS,"SK12,SK13,SK14,SK15,SK16,SK17,SK18,SK19,SK20",9,?,?,RS 414-1379,SMA PCB Straight Mounting Jack,-
"TEN-5-DUALOP_DIP-TRACO,48V/+-5V",U5,1,?,?,TEN-5-4821,"48V --> +-5V@500mA DC-DC converter,",RS 293-2892
"TEN-5_DIP-TRACO,48V/5V",U10,1,?,?,TEN-5-4811,"48V --> 5V@1A DC-DC converter,",RS 293-2791
TERM-BLK-3_STR-LUMBERG,"SK1,SK8,SK11",3,?,?,Farnell 151-786,Straight PCB 3-pin Terminal Block,-
TOTAL, ,147, ,0.000, , , 
